Requirement already satisfied: pip in d:\kulltyeah\semester 2\k3\projek\smartohs_2.0\ergocam_v3\ergocam\venv\lib\site-packages (25.2)
Collecting pip
  Using cached pip-26.1.2-py3-none-any.whl.metadata (4.6 kB)
Using cached pip-26.1.2-py3-none-any.whl (1.8 MB)
Installing collected packages: pip
  Attempting uninstall: pip
    Found existing installation: pip 25.2
    Uninstalling pip-25.2:
      Successfully uninstalled pip-25.2
Successfully installed pip-26.1.2
Collecting PySide6-Essentials
  Using cached pyside6_essentials-6.11.1-cp310-abi3-win_amd64.whl.metadata (3.8 kB)
Collecting opencv-python
  Using cached opencv_python-4.13.0.92-cp37-abi3-win_amd64.whl.metadata (20 kB)
Collecting mediapipe>=0.10.30
  Using cached mediapipe-0.10.35-py3-none-win_amd64.whl.metadata (9.8 kB)
Collecting numpy
  Using cached numpy-2.4.6-cp313-cp313-win_amd64.whl.metadata (6.6 kB)
Collecting openpyxl
  Using cached openpyxl-3.1.5-py2.py3-none-any.whl.metadata (2.5 kB)
Collecting shiboken6==6.11.1 (from PySide6-Essentials)
  Using cached shiboken6-6.11.1-cp310-abi3-win_amd64.whl.metadata (2.5 kB)
Collecting absl-py~=2.3 (from mediapipe>=0.10.30)
  Using cached absl_py-2.4.0-py3-none-any.whl.metadata (3.3 kB)
Collecting certifi (from mediapipe>=0.10.30)
  Using cached certifi-2026.5.20-py3-none-any.whl.metadata (2.5 kB)
Collecting sounddevice~=0.5 (from mediapipe>=0.10.30)
  Using cached sounddevice-0.5.5-py3-none-win_amd64.whl.metadata (1.4 kB)
Collecting flatbuffers~=25.9 (from mediapipe>=0.10.30)
  Using cached flatbuffers-25.12.19-py2.py3-none-any.whl.metadata (1.0 kB)
Collecting opencv-contrib-python (from mediapipe>=0.10.30)
  Using cached opencv_contrib_python-4.13.0.92-cp37-abi3-win_amd64.whl.metadata (20 kB)
Collecting matplotlib (from mediapipe>=0.10.30)
  Using cached matplotlib-3.10.9-cp313-cp313-win_amd64.whl.metadata (52 kB)
Collecting cffi (from sounddevice~=0.5->mediapipe>=0.10.30)
  Using cached cffi-2.0.0-cp313-cp313-win_amd64.whl.metadata (2.6 kB)
Collecting et-xmlfile (from openpyxl)
  Using cached et_xmlfile-2.0.0-py3-none-any.whl.metadata (2.7 kB)
Collecting pycparser (from cffi->sounddevice~=0.5->mediapipe>=0.10.30)
  Using cached pycparser-3.0-py3-none-any.whl.metadata (8.2 kB)
Collecting contourpy>=1.0.1 (from matplotlib->mediapipe>=0.10.30)
  Using cached contourpy-1.3.3-cp313-cp313-win_amd64.whl.metadata (5.5 kB)
Collecting cycler>=0.10 (from matplotlib->mediapipe>=0.10.30)
  Using cached cycler-0.12.1-py3-none-any.whl.metadata (3.8 kB)
Collecting fonttools>=4.22.0 (from matplotlib->mediapipe>=0.10.30)
  Using cached fonttools-4.63.0-cp313-cp313-win_amd64.whl.metadata (121 kB)
Collecting kiwisolver>=1.3.1 (from matplotlib->mediapipe>=0.10.30)
  Using cached kiwisolver-1.5.0-cp313-cp313-win_amd64.whl.metadata (5.2 kB)
Collecting packaging>=20.0 (from matplotlib->mediapipe>=0.10.30)
  Using cached packaging-26.2-py3-none-any.whl.metadata (3.5 kB)
Collecting pillow>=8 (from matplotlib->mediapipe>=0.10.30)
  Using cached pillow-12.2.0-cp313-cp313-win_amd64.whl.metadata (9.0 kB)
Collecting pyparsing>=3 (from matplotlib->mediapipe>=0.10.30)
  Using cached pyparsing-3.3.2-py3-none-any.whl.metadata (5.8 kB)
Collecting python-dateutil>=2.7 (from matplotlib->mediapipe>=0.10.30)
  Using cached python_dateutil-2.9.0.post0-py2.py3-none-any.whl.metadata (8.4 kB)
Collecting six>=1.5 (from python-dateutil>=2.7->matplotlib->mediapipe>=0.10.30)
  Using cached six-1.17.0-py2.py3-none-any.whl.metadata (1.7 kB)
Using cached pyside6_essentials-6.11.1-cp310-abi3-win_amd64.whl (77.5 MB)
Using cached shiboken6-6.11.1-cp310-abi3-win_amd64.whl (1.2 MB)
Using cached opencv_python-4.13.0.92-cp37-abi3-win_amd64.whl (40.2 MB)
Using cached mediapipe-0.10.35-py3-none-win_amd64.whl (10.9 MB)
Using cached absl_py-2.4.0-py3-none-any.whl (135 kB)
Using cached flatbuffers-25.12.19-py2.py3-none-any.whl (26 kB)
Using cached sounddevice-0.5.5-py3-none-win_amd64.whl (365 kB)
Using cached numpy-2.4.6-cp313-cp313-win_amd64.whl (12.3 MB)
Using cached openpyxl-3.1.5-py2.py3-none-any.whl (250 kB)
Using cached certifi-2026.5.20-py3-none-any.whl (134 kB)
Using cached cffi-2.0.0-cp313-cp313-win_amd64.whl (183 kB)
Using cached et_xmlfile-2.0.0-py3-none-any.whl (18 kB)
Using cached matplotlib-3.10.9-cp313-cp313-win_amd64.whl (8.2 MB)
Using cached contourpy-1.3.3-cp313-cp313-win_amd64.whl (226 kB)
Using cached cycler-0.12.1-py3-none-any.whl (8.3 kB)
Using cached fonttools-4.63.0-cp313-cp313-win_amd64.whl (2.3 MB)
Using cached kiwisolver-1.5.0-cp313-cp313-win_amd64.whl (73 kB)
Using cached packaging-26.2-py3-none-any.whl (100 kB)
Using cached pillow-12.2.0-cp313-cp313-win_amd64.whl (7.1 MB)
Using cached pyparsing-3.3.2-py3-none-any.whl (122 kB)
Using cached python_dateutil-2.9.0.post0-py2.py3-none-any.whl (229 kB)
Using cached six-1.17.0-py2.py3-none-any.whl (11 kB)
Using cached opencv_contrib_python-4.13.0.92-cp37-abi3-win_amd64.whl (46.5 MB)
Using cached pycparser-3.0-py3-none-any.whl (48 kB)
Installing collected packages: flatbuffers, six, shiboken6, pyparsing, pycparser, pillow, packaging, numpy, kiwisolver, fonttools, et-xmlfile, cycler, certifi, absl-py, python-dateutil, PySide6-Essentials, openpyxl, opencv-python, opencv-contrib-python, contourpy, cffi, sounddevice, matplotlib, mediapipe

Successfully installed PySide6-Essentials-6.11.1 absl-py-2.4.0 certifi-2026.5.20 cffi-2.0.0 contourpy-1.3.3 cycler-0.12.1 et-xmlfile-2.0.0 flatbuffers-25.12.19 fonttools-4.63.0 kiwisolver-1.5.0 matplotlib-3.10.9 mediapipe-0.10.35 numpy-2.4.6 opencv-contrib-python-4.13.0.92 opencv-python-4.13.0.92 openpyxl-3.1.5 packaging-26.2 pillow-12.2.0 pycparser-3.0 pyparsing-3.3.2 python-dateutil-2.9.0.post0 shiboken6-6.11.1 six-1.17.0 sounddevice-0.5.5
